// Jest Snapshot v1, https://goo.gl/fbAQLP

exports[`SNAPSHOT OF APP  1`] = `
<View>
  <Text>
    First snapshot
  </Text>
</View>
`;
